[info] 1335 claims, 0 already scored
Loading checkpoint shards:   0%|          | 0/3 [00:00<?, ?it/s]Loading checkpoint shards:  67%|██████▋   | 2/3 [00:00<00:00, 13.83it/s]Loading checkpoint shards: 100%|██████████| 3/3 [00:00<00:00, 14.56it/s]
Using a slow image processor as `use_fast` is unset and a slow processor was saved with this model. `use_fast=True` will be the default behavior in v4.48, even if the model was saved with a slow processor. This will result in minor differences in outputs. You'll still be able to use a slow processor with `use_fast=False`.
[info] model loaded on cuda; yes_id=3869 no_id=1939
[progress] 10/1335 (newly scored: 10)
[progress] 20/1335 (newly scored: 20)
[progress] 30/1335 (newly scored: 30)
[progress] 40/1335 (newly scored: 40)
[progress] 50/1335 (newly scored: 50)
[progress] 60/1335 (newly scored: 60)
[progress] 70/1335 (newly scored: 70)
[progress] 80/1335 (newly scored: 80)
[progress] 90/1335 (newly scored: 90)
[progress] 100/1335 (newly scored: 100)
[progress] 110/1335 (newly scored: 110)
[progress] 120/1335 (newly scored: 120)
[progress] 130/1335 (newly scored: 130)
[progress] 140/1335 (newly scored: 140)
[progress] 150/1335 (newly scored: 150)
[progress] 160/1335 (newly scored: 160)
[progress] 170/1335 (newly scored: 169)
[progress] 180/1335 (newly scored: 179)
[progress] 190/1335 (newly scored: 189)
[progress] 200/1335 (newly scored: 199)
[progress] 210/1335 (newly scored: 209)
[progress] 220/1335 (newly scored: 219)
[progress] 230/1335 (newly scored: 229)
[progress] 240/1335 (newly scored: 239)
[progress] 250/1335 (newly scored: 249)
[progress] 260/1335 (newly scored: 259)
[progress] 270/1335 (newly scored: 269)
[progress] 280/1335 (newly scored: 279)
[progress] 290/1335 (newly scored: 289)
[progress] 300/1335 (newly scored: 299)
[progress] 310/1335 (newly scored: 309)
[progress] 320/1335 (newly scored: 319)
[progress] 330/1335 (newly scored: 329)
[progress] 340/1335 (newly scored: 339)
[progress] 350/1335 (newly scored: 349)
[progress] 360/1335 (newly scored: 359)
[progress] 370/1335 (newly scored: 369)
[progress] 380/1335 (newly scored: 379)
[progress] 390/1335 (newly scored: 389)
[progress] 400/1335 (newly scored: 399)
[progress] 410/1335 (newly scored: 409)
[progress] 430/1335 (newly scored: 428)
[progress] 440/1335 (newly scored: 438)
[progress] 450/1335 (newly scored: 448)
[progress] 460/1335 (newly scored: 458)
[progress] 470/1335 (newly scored: 468)
[progress] 480/1335 (newly scored: 478)
[progress] 490/1335 (newly scored: 488)
[progress] 500/1335 (newly scored: 498)
[progress] 510/1335 (newly scored: 508)
[progress] 520/1335 (newly scored: 518)
[progress] 530/1335 (newly scored: 528)
[progress] 540/1335 (newly scored: 538)
[progress] 550/1335 (newly scored: 548)
[progress] 560/1335 (newly scored: 558)
[progress] 570/1335 (newly scored: 568)
[progress] 580/1335 (newly scored: 578)
[progress] 590/1335 (newly scored: 588)
[progress] 600/1335 (newly scored: 598)
[progress] 610/1335 (newly scored: 608)
[progress] 620/1335 (newly scored: 618)
[progress] 630/1335 (newly scored: 628)
[progress] 640/1335 (newly scored: 638)
[progress] 650/1335 (newly scored: 648)
[progress] 660/1335 (newly scored: 658)
[progress] 670/1335 (newly scored: 668)
[progress] 680/1335 (newly scored: 678)
[progress] 690/1335 (newly scored: 688)
[progress] 700/1335 (newly scored: 698)
[progress] 710/1335 (newly scored: 708)
[progress] 720/1335 (newly scored: 718)
[progress] 730/1335 (newly scored: 727)
[progress] 740/1335 (newly scored: 736)
[progress] 750/1335 (newly scored: 746)
[progress] 760/1335 (newly scored: 756)
[progress] 770/1335 (newly scored: 766)
[progress] 780/1335 (newly scored: 776)
[progress] 790/1335 (newly scored: 786)
[progress] 800/1335 (newly scored: 796)
[progress] 810/1335 (newly scored: 806)
[progress] 820/1335 (newly scored: 816)
[progress] 830/1335 (newly scored: 826)
[progress] 840/1335 (newly scored: 836)
[progress] 850/1335 (newly scored: 846)
[progress] 860/1335 (newly scored: 856)
[progress] 870/1335 (newly scored: 866)
[progress] 880/1335 (newly scored: 876)
[progress] 890/1335 (newly scored: 886)
[progress] 900/1335 (newly scored: 896)
[progress] 910/1335 (newly scored: 906)
[progress] 920/1335 (newly scored: 916)
[progress] 930/1335 (newly scored: 926)
[progress] 940/1335 (newly scored: 936)
[progress] 950/1335 (newly scored: 946)
[progress] 960/1335 (newly scored: 956)
[progress] 970/1335 (newly scored: 966)
[progress] 980/1335 (newly scored: 976)
[progress] 990/1335 (newly scored: 986)
[progress] 1000/1335 (newly scored: 996)
[progress] 1010/1335 (newly scored: 1006)
[progress] 1020/1335 (newly scored: 1016)
[progress] 1030/1335 (newly scored: 1026)
[progress] 1040/1335 (newly scored: 1036)
[progress] 1050/1335 (newly scored: 1046)
[progress] 1060/1335 (newly scored: 1056)
[progress] 1070/1335 (newly scored: 1066)
[progress] 1080/1335 (newly scored: 1076)
[progress] 1090/1335 (newly scored: 1086)
[progress] 1100/1335 (newly scored: 1096)
[progress] 1110/1335 (newly scored: 1106)
[progress] 1120/1335 (newly scored: 1116)
[progress] 1130/1335 (newly scored: 1126)
[progress] 1140/1335 (newly scored: 1136)
[progress] 1150/1335 (newly scored: 1146)
[progress] 1160/1335 (newly scored: 1156)
[progress] 1170/1335 (newly scored: 1166)
[progress] 1180/1335 (newly scored: 1176)
[progress] 1190/1335 (newly scored: 1186)
[progress] 1200/1335 (newly scored: 1196)
[progress] 1210/1335 (newly scored: 1206)
[progress] 1220/1335 (newly scored: 1216)
[progress] 1230/1335 (newly scored: 1226)
[progress] 1240/1335 (newly scored: 1236)
[progress] 1250/1335 (newly scored: 1246)
[progress] 1260/1335 (newly scored: 1256)
[progress] 1270/1335 (newly scored: 1266)
[progress] 1280/1335 (newly scored: 1276)
[progress] 1290/1335 (newly scored: 1286)
[progress] 1300/1335 (newly scored: 1296)
[progress] 1310/1335 (newly scored: 1306)
[progress] 1320/1335 (newly scored: 1316)
[progress] 1330/1335 (newly scored: 1326)
[info] kept operators: ['d_id:o', 'd_id:s', 'd_id:so', 'd_inv:o', 'd_inv:s', 'd_inv:so']
[info] calibration b: {'d_id:s': 0.461, 'd_id:o': 0.625, 'd_id:so': 1.094, 'd_inv:s': 0.852, 'd_inv:o': 0.695, 'd_inv:so': 1.18}
[info] calibration g: {'d_id:s': 2.18, 'd_id:o': 1.828, 'd_id:so': 2.047, 'd_inv:s': 1.688, 'd_inv:o': 1.586, 'd_inv:so': 1.742}
[info] eval claims: 812 (true 692, false 120)

=== Overall AUROC on evaluation split ===
  a_orig (raw confidence)          0.669
  mean evidence drop               0.706
  mu (common support)              0.706
  J (overid conflict)              0.579
  A = -mu + lam*J                  0.312

=== Gate test: within raw-confidence strata ===
  stratum 0  a_orig in (-inf, 3.01)  n=271 (true=204)  AUC(mu)=0.682  AUC(A)=0.326  mean_mu true/false = 0.31/-0.05
  stratum 1  a_orig in (3.01, 4.62)  n=272 (true=242)  AUC(mu)=0.635  AUC(A)=0.356  mean_mu true/false = 0.95/0.61
  stratum 2  a_orig in (4.62, inf)  n=269 (true=246)  AUC(mu)=0.620  AUC(A)=0.432  mean_mu true/false = 1.59/1.25

[done] metrics_rbench_full.json and eval_rbench_full.csv written
